[   0.000000] Initializing cgroup subsys cpuset
[    0.0000] italizing cgrou subsys cpu
[    0.000000] Initializing cgroup subsys cpuacct
[    0.000000] Linux version 4.4.0-141-generic (buildd@lcy01-amd64-006) (gcc version 5.4.02006 (Ubuu 5.4-6bunt~16.040)) #167-Ubuntu SMP Wed Dec 5 10:40:15 UTC 2018 (Ubuntu 4.4.0-141.167-generic 4.4.162)
[  00000 Comndin: BT_AG/bootmluz4.4.14geeriro=UD=1c05040-4f-cf-828d-1e284615b91e ro conso=tty1coole=ttyS0
[    0.000000] KERNEL supported cpus:
[    0.000000]   Intel GenuineIntel
[    0.000000]   AMD AuthenticAMD
[    0.000000]   Centaur CentaurHauls
[    0.000000] x86/fpu: xstate_offset[2]:  576, xstate_sizes[2]:  256
[    0.000000] x86/fpu: Supporting XSAVE feature 0x01: 'x87 floating point registers'
[    0.000000] x86/fpu: Supporting XSAVE feature 0x02: 'SSE registers'
[    0.000000] x86/fppu: Supporting XSAVE feature 0x04: 'AVX registers'
[    0.0000x86fpu: Enlexsate ates 0x7, context size is 832 bytes, using 'standard' foat.  0.0000] e820: BIOS-provided physical RAM map:
[    0.000000] BIOS-e820: [mem 0x0000000000000000-0x000000000009fbff] usable
[    0.000000] BIOS-e820: [mem 0x000000000009fc00-0x000000000009ffff] reserved
[    0.000000] BIOS-e820: [mem 0x00000000000f0000-0x00000000000fffff] reserved
[    0.000000] BIOS-e820: [mem 0x0000000000100000-0x000000009c3effff] usable
[    0.000000] BIOS-e820: [mem 0x000000009c3f0000-0x000000009c3fffff] ACPI data
[    0.000000] BIOS-e820: [mem 0x00000000fec00000-0x00000000fec00fff] reserved
[    0.000000] BIOS-e820: [mem 0x00000000fee00000-0x00000000fee00fff] reserved
[    0.000000] BIOS-e820: [mem 0x00000000fffc0000-0x00000000ffffffff] reserved
[    0.000000] NX (Execute Disable) protection: active
[    0.000000] SMBIOS 2.5 present.
[    0.000000] Hypervisor detected: KVM
[    0.000000] e820: last_pfn = 0x9c3f0 max_arch_pfn = 0x400000000
[    0.000000] MTRR: Disabled
[    0.000000] x86/PAT: MTRRs disabled, skipping PAT initialization too.
[    0.000000] CPU MTRRs all blank - virtualized system.
[    0.000000] x86/PAT: Configuration [0-7]: WB  WT  UC- UC  WB  WT  UC- UC  
[    0.000000] found SMP MP-table at [mem 0x0009fff0-0x0009ffff] mapped at [ffff88000009fff0]
[    0.000000] Scanning 1 areas for low memory corruption
[    0.000000] RAMDISK: [mem 0x361ea000-0x370ecfff]
[    0.000000] ACPI: Early table checksum verification disabled
[    0.000000] ACPI: RSDP 0x00000000000E0000 000024 (v02 VBOX  )
[    0.000000] ACPI: XSDT 0x000000009C3F0030 00003C (v01 VBOX   VBOXXSDT 00000001 ASL  00000061)
[    0.000000] ACPI: FACP 0x000000009C3F00F0 0000F4 (v04 VBOX   VBOXFACP 00000001 ASL  00000061)
[    0.000000] ACPI: DSDT 0x000000009C3F0470 0021FF (v02 VBOX   VBOXBIOS 00000002 INTL 20100528)
[    0.000000] ACPI: FACS 0x000000009C3F0200 000040
[    0.000000] ACPI: FACS 0x000000009C3F0200 000040
[    0.000000] ACPI: APIC 0x000000009C3F0240 00005C (v02 VBOX   VBOXAPIC 00000001 ASL  00000061)
[    0.000000] ACPI: SSDT 0x000000009C3F02A0 0001CC (v01 VBOX   VBOXCPUT 00000002 INTL 20100528)
[    0.000000] No NUMA configuration found
[    0.000000] Faking a node at [mem 0x0000000000000000-0x000000009c3effff]
[    0.000000] NODE_DATA(0) allocated [mem 0x9c3eb000-0x9c3effff]
[    0.000000] kvm-clock: Using msrs 4b564d01 and 4b564d00
[    0.000000] kvm-clock: cpu 0, msr 0:9c3e3001, primary cpu clock
[    0.000000] kvm-clock: using sched offset of 15760513260 cycles
[    0.000000] clocksource: kvm-clock: mask: 0xffffffffffffffff max_cycles: 0x1cd42e4dffb, max_idle_ns: 881590591483 ns
[    0.000000] Zone ranges:
[    0.000000]   DMA      [mem 0x0000000000001000-0x0000000000ffffff]
[    0.000000]   DMA32    [mem 0x0000000001000000-0x000000009c3effff]
[    0.000000]   Normal   empty
[    0.000000]   Device   empty
[    0.000000] Movable zone start for each node
[    0.000000] Early memory node ranges
[    0.000000]   node   0: [mem 0x0000000000001000-0x000000000009efff]
[    0.000000]   node   0: [mem 0x0000000000100000-0x000000009c3effff]
[    0.000000] Initmem setup node 0 [mem 0x0000000000001000-0x000000009c3effff]
[    0.000000] ACPI: PM-Timer IO Port: 0x4008
[    0.000000] IOAPIC[0]: apic_id 2, version 32, address 0xfec00000, GSI 0-23
[    0.000000] ACPI: INT_SRC_OVR (bus 0 bus_irq 0 global_irq 2 dfl dfl)
[    0.000000] ACPI: INT_SRC_OVR (bus 0 bus_irq 9 global_irq 9 low level)
[    0.000000] Using ACPI (MADT) for SMP configuration information
[    0.000000] smpboot: Allowing 2 CPUs, 0 hotplug CPUs
[    0.000000] PM: Registered nosave memory: [mem 0x00000000-0x00000fff]
[    0.000000] PM: Registered nosave memory: [mem 0x0009f000-0x0009ffff]
[    0.000000] PM: Registered nosave memory: [mem 0x000a0000-0x000effff]
[    0.000000] PM: Registered nosave memory: [mem 0x000f0000-0x000fffff]
[    0.000000] e820: [mem 0x9c400000-0xfebfffff] available for PCI devices
[    0.000000] Booting paravirtualized kernel on KVM
[    0.000000] clocksource: refined-jiffies: mask: 0xffffffff max_cycles: 0xffffffff, max_idle_ns: 7645519600211568 ns
[    0.00000] sep_rcpu: NR_CPUS:512 nr_cpumask_bits:512 nr_cpu_ids:2 nr_node_ids:1
[    0.000000] PERCPU: Embedded 34 pages/cpu @ffff88009c000000 s99608 r8192 d31464 u1048576
    0.000000] PV qspinlk shtab eri: 256 (orer0, 4096 bytes)
[    0.000000] Built 1 zonelists in Node order, mobility grouping on.  Total pages: 629864
[    0.000000] Policy zone: DMA32
[    0.000000] Kernel command line: BOOT_IMAGE=/boot/vmlinuz-4.4.0-141-generic root=UUID=1c050405-4cdf-47cf-828d-1e284615b91e ro console=tty1 console=ttyS0
[    0.000000] PID hash table entries: 4096 (order: 3, 32768 bytes)
[    0.000000] Memory: 2483980K/2559544K available (8568Kkernel code, 1314K rwdata, 4008K rodata, 1528K init, 1316K bss, 75564K reserved, 0K cma-reserved)
[    0.000000] SLUB: HWalign=64, Order=0-3, MinObjects=0, CPUs=2, Nodes=1
[    0.000000] Kernel/User page tables isolation: enabled
[    0.000000] Hierarchical RCU implementation.
[    0.000000] 	Build-time adjustment of leaf fanout to 64.
[    0.000000] 	RCU restricting CPUs from NR_CPUS=512 to nr_cpu_ids=2.
[    0.000000] RCU: Adjusting geometry for rcu_fanout_leaf=64, nr_cpu_ids=2
[    0.000000] NR_IRQS:33024 nr_irqs:440 16
[    0.000000] Console: colour VGA+ 80x25
[    0.000000] console [tty1] enabled
[    0.000000] console [ttyS0] enabled
[    0.000000] tsc: Detected 4199.996 MHz processor
[    1.256562] Calrang delay loop (skipped) preset value.. 839.99 BogoMIPS (lpj=16799984)
[    1.365983] pid_max: default: 32768 minimum: 301
[    1.366604] ACPI: Core revision 20150930
[    1.367811] ACPI: 2 ACPI AML tables successfully acquired and loaded
[    1.368688] Security Framework initialized
[    1.369248] Yama: becoming mindful.
[    1.369773] AppArmor: AppArmor initialized
[    1.372224] Dentry cache hash table entries: 524288 (order: 10, 4194304 bytes)
[    1.401850] Inode-cache hash table entries: 262144 (order: 9, 2097152 bytes)
[    1.403325] Mount-cache hash table entries: 8192 (order: 4, 65536 bytes)
[    1.437792] Mountpoint-cache hash table entries: 8192 (order: 4, 65536 bytes)
[    1.440416] Initializing cgroup subsys io
[    1.441017] Initializing cgroup subsys memory
[    1.441627] Initializing cgroup subsys devices
[    1.442216] Initializing cgroup subsys freezer
[    1.442802] Initializing cgroup subsys net_cls
[    1.491780] Initializing cgroup subsys perf_event
[    1.609671] Initializing cgroup subsys net_prio
[    1.715004] Initializing cgroup subsys hugetlb
[    1.817019] Initializing cgroup subsys pids
[    1.825946] mce: CPU supports 0 MCE banks
[    1.826529] Last level iTLB entries: 4KB 64, 2MB 8, 4MB 8
[    1.854471] Last level dTLB entries: 4KB 64, 2MB 0, 4MB 0, 1GB 4
[    1.865213] Spectre V2 : Mitigation: Full generic retpoline
[    1.964696] Spectre V2 : Spectre v2 mitigation: Speculation control IBPB not-supported IBRS not-supported
[    2.033804] Spectre V2 : Spectre v2 / SpectreRSB mitigation: Filling RSB on context switch
[    2.079589] Speculative Store Bypass: Vulnerable
[    2.082024] Freeing SMP alternatives memory: 32K
[    2.088467] ftrace: allocating 32291 entries in 127 pages
[    2.144725] smpboot: APIC(0) Converting physical 0 to logical package 0
[    2.166147] smpboot: Max logical packages: 1
[    2.234382] x2apic enabled
[    2.272712] Switched APIC routing to physical x2apic.
[    2.280577] ..TIMER: vector=0x30 apic1=0 pin1=2 apic2=-1 pin2=-1
[  2.392310] smpboot: CPU0: Intel(R) Core(TM) i7-7700K CPU @ 4.20GHz (family: 0x6, model: 0x9e, stepping: 0x9)
[    2.496700] Performance Events: unsupported p6 CPU model 158 no PMU driver, software events only.
[    2.500815] KVM setup paravirtual spinlock
[    2.501859] x86: Booting SMP configuration:
[    2.502443] .... node  #0, CPUs:      #1
[    2.509408] kvm-clock: cpu 1, msr 0:9c3e3041, secondary cpu clock
[    2.519495] mce: CPU supports 0 MCE banks
[    2.521889] x86: Booted up 1 node, 2 CPUs
[    2.522618] smpboot: Total of 2 processors activated (16799.98 BogoMIPS)
[    2.523752] devtmpfs: initialized
[    2.525460] evm: security.selinux
[    2.525962] evm: security.SMACK64
[    2.526464] evm: security.SMACK64EXEC
[    2.526994] evm: security.SMACK64TRANSMUTE
[    2.527552] evm: security.SMACK64MMAP
[    2.528086] evm: security.ima
[    2.528555] evm: security.capability
[    2.529195] clocksource: jiffies: mask: 0xffffffff max_cycles: 0xffffffff, max_idle_ns: 7645041785100000 ns
[    2.537309] futex hash table entries: 512 (order: 3, 32768 bytes)
[    2.564235] pinctrl core: initialized pinctrl subsystem
[    2.571566] RTC time: 19:33:56, date: 01/11/19
[    2.572317] NET: Registered protocol family 16
[    2.584966] cpuidle: using governor ladder
[    2.596965] cpuidle: using governor menu
[    2.671246] PCCT header not found.
[    2.727546] ACPI: bus type PCI registered
[    2.734564] acpiphp: ACPI Hot Plug PCI Controller Driver version: 0.5
[    2.841534] PCI: Using configuration type 1 for base access
[    2.892295] ACPI: Added _OSI(Module Device)
[    2.901348] ACPI: Added _OSI(Processor Device)
[    2.931754] ACPI: Added _OSI(3.0 _SCP Extensions)
[    2.953911] ACPI: Added _OSI(Processor Aggregator Device)
[    2.961602] ACPI: Executed 1 blocks of module-level executable AML code
[    2.963827] ACPI: Interpreter enabled
[    2.964370] ACPI: (supports S0 S5)
[    2.964902] ACPI: Using IOAPIC for interrupt routing
[    2.985799] PCI: Using host bridge windows from ACPI; if necessary, use "pci=nocrs" and report a bug
[    2.996047] ACPI: PCI Root Bridge [PCI0] (domain 0000 [bus 00-ff])
[    3.002914] acpi PNP0A03:00: _OSC: OS supports [ASPM ClockPM Segments MSI]
[    3.079445] acpi PNP0A03:00: _OSC: not requesting OS control; OS requires [ExtendedConfig ASPM ClockPM MSI]
[    3.080724] acpi PNP0A03:00: fail to add MMCONFIG information, can't access extended PCI configuration space under this bridge.
[    3.082346] PCI host bridge to bus 0000:00
[    3.082934] pci_bus 0000:00: root bus resource [io  0x0000-0x0cf7 window]
[    3.083750] pci_bus 0000:00: root bus resource [io  0x0d00-0xffff window]
[    3.091750] pci_bus 0000:00: root bus resource [mem 0x000a0000-0x000bffff window]
[    3.092815] pci_bus 0000:00: root bus resource [mem 0x9c400000-0xfdffffff window]
[    3.093859] pci_bus 0000:00: root bus resource [bus 00-ff]
[    3.095718] pci 0000:00:01.1: legacy IDE quirk: reg 0x10: [io  0x01f0-0x01f7]
[    3.179183] pci 0000:00:01.1: legacy IDE quirk: reg 0x14: [io  0x03f6]
[    3.201040] pci 0000:00:01.1: legacy IDE quirk: reg 0x18: [io  0x0170-0x0177]
[    3.242642] pci 0000:00:01.1: legacy IDE quirk: reg 0x1c: [io  0x0376]
[    3.268994] pci 0000:00:07.0: quirk: [io  0x4000-0x403f] claimed by PIIX4 ACPI
[    3.336105] pci 0000:00:07.0: quirk: [io  0x4100-0x410f] claimed by PIIX4 SMB
[    3.345024] ACPI: PCI Interrupt Link [LNKA] (IRQs 5 9 10 *11)
[    3.363635] ACPI: PCI Interrupt Link [LNKB] (IRQs 5 9 *10 11)
[    3.366313] ACPI: PCI Interrupt Link [LNKC] (IRQs 5 *9 10 11)
[    3.391148] ACPI: PCI Interrupt Link [LNKD] (IRQs 5 9 10 *11)
[    3.392236] ACPI: Enabled 2 GPEs in block 00 to 07
[    3.460083] vgaarb: setting as boot device: PCI:0000:00:02.0
[    3.510234] vgaarb: device added: PCI:0000:00:02.0,decodes=io+mem,owns=io+mem,locks=none
[    3.565224] vgaarb: loaded
[    3.592998] vgaarb: bridge control possible 0000:00:02.0
[    3.620159] SCSI subsystem initialized
[    3.674930] ACPI: bus type USB registered
[    3.675528] usbcore: registered new interface driver usbfs
[    3.713106] usbcore: registered new interface driver hub
[    3.753794] usbcore: registered new device driver usb
[    3.784017] PCI: Using ACPI for IRQ routing
[    3.786746] NetLabel: Initializing
[    3.807075] NetLabel:  domain hash size = 128
[    3.807780] NetLabel:  protocols = UNLABELED CIPSOv4
[    3.857658] NetLabel:  unlabeled traffic allowed by default
[    3.865404] amd_nb: Cannot enumerate AMD northbridges
[    3.909607] clocksource: Switched to clocksource kvm-clock
[    3.969765] AppArmor: AppArmor Filesystem Enabled
[   9737pn PnP ACPI init
[    4.153856] p:PnP ACPI: found 3 devices
[    4.239353] clocksource: acpi_pm: mask: 0xffffff max_cycles: 0xffffff, max_idle_ns: 2085701024 ns
[    4.240561] NET: Registered protocol family 2
[    4.241247] TCP established hash table entries: 32768 (order: 6, 262144 bytes)
[    4.242287] TCP bind hash table entries: 32768 (order: 7, 524288 bytes)
[    4.245072] TCP: Hash tables configured (established 32768 bind 32768)
[    4.247866] UDP hash table entries: 2048 (order: 4, 65536 bytes)
[    4.248612] UDP-Lite hash table entries: 2048 (order: 4, 65536 bytes)
[    4.249425] NET: Registered protocol family 1
[    4.250031] pci 0000:00:00.0: Limiting direct PCI/PCI transfers
[    4.250791] pci 0000:00:01.0: Activating ISA DMA hang workarounds
[    4.251616] Unpacking initramfs...
[    4.432552] Freeing initrd memory: 15372K
[    4.485541] platform rtc_cmos: registered platform RTC device (no PNP device found)
[    4.603835] Scanning for low memory corruption every 60 seconds
[    4.700883] audit: initializing netlink subsys (disabled)
[    4.701597] audit: type=2000 audit(1547235252.763:1): initialized
[    4.702530] Initialise system trusted keyring
[    4.703390] HugeTLB registered 2 MB page size, pre-allocated 0 pages
[    4.705030] zbud: loaded
[    4.705775] VFS: Disk quotas dquot_6.6.0
[    4.725974] VFS: Dquot-cache hash table entries: 512 (order 0, 4096 bytes)
[    4.726979] squashfs: version 4.0 (2009/01/31) Phillip Lougher
[    4.727912] fuse init (API version 7.23)
[    4.728555] Key type big_key registered
[    4.729113] Allocating IMA MOK and blacklist keyrings.
[    4.730543] Key type asymmetric registered
[    4.731117] Asymmetric key parser 'x509' registered
[    4.731830] Block layer SCSI generic (bsg) driver version 0.4 loaded (major 249)
[    4.732935] io scheduler noop registered
[    4.733497] io scheduler deadline registered (default)
[    4.734195] io scheduler cfq registered
[    4.734810] pci_hotplug: PCI Hot Plug PCI Core version: 0.5
[    4.735527] pciehp: PCI Express Hot Plug Controller Driver version: 0.4
[    4.736418] ACPI: AC Adapter [AC] (on-line)
[    4.737037] input: Power Button as /devices/LNXSYSTM:00/LNXPWRBN:00/input/input0
[    4.738102] ACPI: Power Button [PWRF]
[    4.738702] input: Sleep Button as /devices/LNXSYSTM:00/LNXSLPBN:00/input/input1
[    4.746713] ACPI: Sleep Button [SLPF]
[    4.747477] GHES: HEST is not enabled!
[    4.748153] Serial: 8250/16550 driver, 32 ports, IRQ sharing enabled
[    4.770320] 00:02: ttyS0 at I/O 0x3f8 (irq = 4, base_baud = 115200) is a 16550A
[    4.777098] Linux agpgart interface v0.103
[    4.807444] loop: module loaded
[    4.818042] scsi host0: ata_piix
[    4.8502] si st1atpi
[   .0800ata1: PATA max UDMA/33 cmd 0x1f0 ctl 0x3f6 bmdma 0xd000 irq 14
[    5245]ta PA x UD/3cmdx1 c 0x376 bmdm0x08rq5
[    5.847852] tsc: Refined TSC clocksource cibti: 201.8 z
[    6.108907] clocksource: tsc: mask: 0xffffffffffffffff max_cycles: 0x3c8ec2d806b, max_idle_ns: 440795215534 ns
[    6.109036] libphy: Fixed MDIO Bus: probed
[    6.109037] tun: Universal TUN/TAP device driver, 1.6
[    6.109037] tun: (C) 1999-2004 Max Krasnyansky <maxk@qualcomm.com>
[    6.109071] PPP generic driver version 2.4.2
[    6.109105] ehci_hcd: USB 2.0 'Enhanced' Host Controller (EHCI) Driver
[    6.109109] ehci-pci: EHCI PCI platform driver
[    6.109114] ehci-platform: EHCI generic platform driver
[    6.109119] ohci_hcd: USB 1.1 'Open' Host Controller (OHCI) Driver
[    6.109121] ohci-pci: OHCI PCI platform driver
[    6.109126] ohci-platform: OHCI generic platform driver
[    6.109130] uhci_hcd: USB Universal Host Controller Interface driver
[    6.109164] i8042: PNP: PS/2 Controller [PNP0303:PS2K,PNP0f03:PS2M] at 0x60,0x64 irq 1,12
[    6.300469] serio: i8042 KBD port at 0x60,0x64 irq 1
[    6.300473] serio: i8042 AUX port at 0x60,0x64 irq 12
[    6.300563] mousedev: PS/2 mouse device common for all mice
[    6.300786] rtc_cmos rtc_cmos: rtc core: registered rtc_cmos as rtc0
[    6.300824] rtc_cmos rtc_cmos: alarms up to one day, 114 bytes nvram
[    6.300828] i2c /dev entries driver
[    6.300861] device-mapper: uevent: version 1.0.3
[    6.300892] device-mapper: ioctl: 4.34.0-ioctl (2015-10-28) initialised: dm-devel@redhat.com
[    6.300906] ledtrig-cpu: registered to indicate activity on CPUs
[    6.301076] NET: Registered protocol family 10
[    6.301156] NET: Registered protocol family 17
[    6.301163] Key type dns_resolver registered
[    6.301316] registered taskstats version 1
[    6.301324] Loading compiled-in X.509 certificates
[    6.301714] Loaded X.509 cert 'Build time autogenerated kernel key: 7c9fb337b82e5a343493fe891c556beae1895c7c'
[    6.301726] zswap: loaded using pool lzo/zbud
[    6.302731] Key type trusted registered
[    6.304299] Key type encrypted registered
[    6.304302] AppArmor: AppArmor sha1 policy hashing enabled
[    6.304303] ima: No TPM chip found, activating TPM-bypass!
[    6.304306] ima: Allocated hash algorithm: sha1
[    6.304314] evm: HMAC attrs: 0x1
[    6.304473]   Magic number: 3:839:596
[    6.363295] rtc_cmos rtc_cmos: setting system clock to 2019-01-11 19:34:00 UTC (1547235240)
[    6.363390] BIOS EDD facility v0.16 2004-Jun-25, 0 devices found
[    6.363390] EDD information not available.
[    6.771671] input: AT Translated Set 2 keyboard as /devices/platform/i8042/serio0/input/input2
[    7.644664] Freeing unused kernel memory: 1528K
[    7.670274] Write protecting the kernel read-only data: 14336k
[    7.740504] Freeing unused kernel memory: 1660K
[    7.782585] Freeing unused kernel memory: 88K
Loading, please wait...
starting version[    7.850138] random: systemd-udevd: uninitialized urandom read (16 bytes read, 5 bits of entropy available)
 229
[    7.850423] random: udevadm: uninitialized urandom read (16 bytes read, 5 bits of entropy available)
[    7.850447] random: udevadm: uninitialized urandom read (16 bytes read, 5 bits of entropy available)
[    7.855166] random: udevadm: uninitialized urandom read (16 bytes read, 5 bits of entropy available)
[    7.855193] random: udevadm: uninitialized urandom read (16 bytes read, 5 bits of entropy available)
[    7.855275] random: udevadm: uninitialized urandom read (16 bytes read, 5 bits of entropy available)
[    7.855304] random: udevadm: uninitialized urandom read (16 bytes read, 5 bits of entropy available)
[    7.855333] random: udevadm: uninitialized urandom read (16 bytes read, 5 bits of entropy available)
[    7.855363] random: udevadm: uninitialized urandom read (16 bytes read, 5 bits of entropy available)
[    7.855409] random: udevadm: uninitialized urandom read (16 bytes read, 5 bits of entropy available)
[    8.183447] e1000: Intel(R) PRO/1000 Network Driver - version 7.3.21-k8-NAPI
[    8.242581] e1000: Copyright (c) 1999-2006 Intel Corporation.
[    8.254770] Fusion MPT base driver 3.04.20
[    8.281900] Copyright (c) 1999-2008 LSI Corporation
[    8.288748] AVX2 version of gcm_enc/dec engaged.
[    8.299529] AES CTR mode by8 optimization enabled
[    8.329325] Fusion MPT SPI Host driver 3.04.20
[    8.510224] input: ImExPS/2 Generic Explorer Mouse as /devices/platform/i8042/serio1/input/input4
[    8.674065] e1000 0000:00:03.0 eth0: (PCI:33MHz:32-bit) 02:09:ed:a5:b0:a8
[    9.875122] e1000 0000:00:03.0 eth0: Intel(R) PRO/1000 Network Connection
[    9.985430] mptbase: ioc0: Initiating bringup
[    9.985601] e1000 0000:00:03.0 enp0s3: renamed from eth0
[   10.214424] ioc0: LSI53C1030 A0: Capabilities={Initiator}
[   10.479886] scsi host2: ioc0: LSI53C1030 A0, FwRev=00000000h, Ports=1, MaxQ=256, IRQ=20
[   10.626317] scsi 2:0:0:0: Direct-Access     VBOX     HARDDISK         1.0  PQ: 0 ANSI: 5
[   10.689951] scsi target2:0:0: Beginning Domain Validation
[   10.691973] scsi target2:0:0: Domain Validation skipping write tests
[   10.693157] scsi target2:0:0: Ending Domain Validation
[   10.694180] scsi target2:0:0: asynchronous
[   10.695334] scsi 2:0:1:0: Direct-Access     VBOX     HARDDISK         1.0  PQ: 0 ANSI: 5
[   10.696848] scsi target2:0:1: Beginning Domain Validation
[   10.698689] scsi target2:0:1: Domain Validation skipping write tests
[   10.709602] scsi target2:0:1: Ending Domain Validation
[   10.710675] scsi target2:0:1: asynchronous
[   10.715852] sd 2:0:0:0: Attached scsi generic sg0 type 0
[   10.717101] sd 2:0:1:0: Attached scsi generic sg1 type 0
[   10.720966] sd 2:0:0:0: [sda] 20971520 512-byte logical blocks: (10.7 GB/10.0 GiB)
[   10.722613] sd 2:0:1:0: [sdb] 20480 512-byte logical blocks: (10.5 MB/10.0 MiB)
[   10.724079] sd 2:0:0:0: [sda] Write Protect is off
[   10.725071] sd 2:0:0:0: [sda] Incomplete mode parameter data
[   10.726223] sd 2:0:0:0: [sda] Assuming drive cache: write through
[   10.727495] sd 2:0:1:0: [sdb] Write Protect is off
[   10.728774] sd 2:0:1:0: [sdb] Incomplete mode parameter data
[   10.729811] sd 2:0:1:0: [sdb] Assuming drive cache: write through
[   10.746545]  sda: sda1
[   10.747754] sd 2:0:0:0: [sda] Attached SCSI disk
[   10.916199] sd 2:0:1:0: [sdb] Attached SCSI disk
Begin: Loading e[   12.516425] md: linear personality registered for level -1
ssential drivers ... [   12.552186] md: multipath personality registered for level -4
[   12.695749] md: raid0 personality registered for level 0
[   12.725873] md: raid1 personality registered for level 1
[   12.906067] raid6: sse2x1   gen() 14245 MB/s
[   13.033869] raid6: sse2x1   xor() 11293 MB/s
[   13.106003] raid6: sse2x2   gen() 18575 MB/s
[   13.174064] raid6: sse2x2   xor() 12843 MB/s
[   13.277989] raid6: sse2x4   gen() 21099 MB/s
[   13.397631] raid6: sse2x4   xor() 13959 MB/s
[   13.513878] raid6: avx2x1   gen() 28485 MB/s
[   13.593886] raid6: avx2x2   gen() 31240 MB/s
[   13.673792] raid6: avx2x4   gen() 38172 MB/s
[   13.686597] raid6: using algorithm avx2x4 gen() 38172 MB/s
[   13.759828] raid6: using avx2x2 recovery algorithm
[   13.812402] xor: automatically using best checksumming function:
[   13.942340]    avx       : 37790.000 MB/sec
[   13.958529] async_tx: api initialized (async)
[   14.059207] md: raid6 personality registered for level 6
[   14.074534] md: raid5 personality registered for level 5
[   14.075232] md: raid4 personality registered for level 4
[   14.079282] md: raid10 personality registered for level 10
done.
Begin: Running[   14.104736] Btrfs loaded
 /scripts/init-premount ... done.
Begin: Mounting root file system ... Begin: Running /scripts/local-top ... done.
Begin: Running /scripts/local-premount ... Scanning for Btrfs filesystems
done.
Warning: fsck not present, so skipping root file system
[   14.477588] EXT4-fs (sda1): INFO: recovery required on readonly filesystem
[   15.635656] EXT4-fs (sda1): write access will be enabled during recovery
[   16.327213] random: nonblocking pool is initialized
[   21.982019] EXT4-fs (sda1): orphan cleanup on readonly fs
[   22.636322] EXT4-fs (sda1): 6 orphan inodes deleted
[   22.670430] EXT4-fs (sda1): recovery complete
[   22.671494] EXT4-fs (sda1): mounted filesystem with ordered data mode. Opts: (null)
done.
Begin: Running /scripts/local-bottom ... done.
Begin: Running /scripts/init-bottom ... done.
[   25.040696] systemd[1]: systemd 229 running in system mode. (+PAM +AUDIT +SELINUX +IMA +APPARMOR +SMACK +SYSVINIT +UTMP +LIBCRYPTSETUP +GCRYPT +GNUTLS +ACL +XZ -LZ4 +SECCOMP +BLKID +ELFUTILS +KMOD -IDN)
[   25.073067] systemd[1]: Detected virtualization oracle.
[   25.076038] systemd[1]: Detected architecture x86-64.

Welcome to [1mUbuntu 16.04.5 LTS[0m!

[   25.185249] systemd[1]: Set hostname to <symfony>.
[   28.653469] systemd[1]: Created slice User and Session Slice.
[[0;32m  OK  [0m] Created slice User and Session Slice.
[   28.663109] systemd[1]: Listening on /dev/initctl Compatibility Named Pipe.
[[0;32m  OK  [0m] Listening on /dev/initctl Compatibility Named Pipe.
[   28.711888] systemd[1]: Reached target User and Group Name Lookups.
[[0;32m  OK  [0m] Reached target User and Group Name Lookups.
[   28.763153] systemd[1]: Listening on udev Kernel Socket.
[[0;32m  OK  [0m] Listening on udev Kernel Socket.
[   28.811747] systemd[1]: Listening on Syslog Socket.
[[0;32m  OK  [0m] Listening on Syslog Socket.
[   28.830606] systemd[1]: Listening on Journal Socket (/dev/log).
[[0;32m  OK  [0m] Listening on Journal Socket (/dev/log).
[   28.904347] systemd[1]: Started Trigger resolvconf update for networkd DNS.
[[0;32m  OK  [0m] Started Trigger resolvconf update for networkd DNS.
[   28.920102] systemd[1]: Reached target Swap.
[[0;32m  OK  [0m] Reached target Swap.
[   28.946504] systemd[1]: Listening on LVM2 metadata daemon socket.
[[0;32m  OK  [0m] Listening on LVM2 metadata daemon socket.
[   29.006159] systemd[1]: Reached target Encrypted Volumes.
[[0;32m  OK  [0m] Reached target Encrypted Volumes.
[   29.062413] systemd[1]: Created slice System Slice.
[[0;32m  OK  [0m] Created slice System Slice.
[   29.064996] systemd[1]: Set up automount Arbitrary Executable File Formats File System Automount Point.
[[0;32m  OK  [0m] Set up automount Arbitrary Executab...ats File System Automount Point.
[   29.068167] systemd[1]: Created slice system-serial\x2dgetty.slice.
[[0;32m  OK  [0m] Created slice system-serial\x2dgetty.slice.
[   29.076177] systemd[1]: Started Forward Password Requests to Wall Directory Watch.
[[0;32m  OK  [0m] Started Forward Password Requests to Wall Directory Watch.
[   29.078278] systemd[1]: Reached target Slices.
[[0;32m  OK  [0m] Reached target Slices.
[   29.079719] systemd[1]: Listening on Device-mapper event daemon FIFOs.
[[0;32m  OK  [0m] Listening on Device-mapper event daemon FIFOs.
[   29.102466] systemd[1]: Listening on LVM2 poll daemon socket.
[[0;32m  OK  [0m] Listening on LVM2 poll daemon socket.
[   29.134070] systemd[1]: Reached target System Time Synchronized.
[[0;32m  OK  [0m] Reached target System Time Synchronized.
[   29.162775] systemd[1]: Listening on udev Control Socket.
[[0;32m  OK  [0m] Listening on udev Control Socket.
[   29.202167] systemd[1]: Listening on Journal Audit Socket.
[[0;32m  OK  [0m] Listening on Journal Audit Socket.
[   29.214998] systemd[1]: Listening on Journal Socket.
[[0;32m  OK  [0m] Listening on Journal Socket.
[   29.322302] systemd[1]: Starting Load Kernel Modules...
         Starting Load Kernel Modules...
[   29.332658] systemd[1]: Mounting Debug File System...
         Mounting Debug File System...
[   29.397965] systemd[1]: Starting Uncomplicated firewall...
         Starting Uncomplicated firewall...
[   29.419354] systemd[1]: Starting Create list of required static device nodes for the current kernel...
         Starting Create list of required st... nodes for the current kernel...
[   29.433206] systemd[1]: Starting Set console keymap...
         Starting Set console keymap...
[   29.435323] systemd[1]: Mounting POSIX Message Queue File System...
         Mounting POSIX Message Queue File System...
[   29.478270] systemd[1]: Mounting Huge Pages File System...
         Mounting Huge Pages File System...
[   29.486580] systemd[1]: Starting Journal Service...
         Starting Journal Service...
[   29.488487] systemd[1]: Starting Nameserver information manager...
         Starting Nameserver information manager...
[   29.500241] systemd[1]: Starting Monitoring of LVM2 mirrors, snapshots etc. using dmeventd or progress polling...
         Starting Monitoring of LVM2 mirrors... dmeventd or progress polling...
[   29.521255] systemd[1]: Starting Remount Root and Kernel File Systems...
         Starting Remount Root and Kernel File Systems...
[   29.530333] systemd[1]: Started Uncomplicated firewall.
[[0;32m  OK  [0m] Started Uncomplicated firewall.
[   29.532191] systemd[1]: Started Create list of required static device nodes for the current kernel.
[[0;32m  OK  [0m] Started Create list of required sta...ce nodes for the current kernel.
[   29.621997] systemd[1]: Starting Create Static Device Nodes in /dev...
         Starting Create Static Device Nodes in /dev...
[   29.654759] Loading iSCSI transport class v2.0-870.
[   29.702331] iscsi: registered transport (tcp)
[   29.743361] EXT4-fs (sda1): re-mounted. Opts: (null)
[   29.766592] systemd[1]: Mounted Debug File System.
[[0;32m  OK  [0m] Mounted Debug File System.
[   29.768593] systemd[1]: Mounted POSIX Message Queue File System.
[[0;32m  OK  [0m] Mounted POSIX Message Queue File System.
[   29.771151] systemd[1]: Mounted Huge Pages File System.
[[0;32m  OK  [0m] Mounted Huge Pages File System.
[   29.782719] systemd[1]: Started Remount Root and Kernel File Systems.
[[0;32m  OK  [0m] Started Remount Root and Kernel File Systems.
[   29.822323] systemd[1]: Starting Load/Save Random Seed...
         Starting Load/Save Random Seed...
[   29.918382] systemd[1]: Starting udev Coldplug all Devices...
         Starting udev Coldplug all Devices...
[   29.927279] systemd[1]: Started Journal Service.
[[0;32m  OK  [0m] Started Journal Service.
[[0;32m  OK  [0m] Started Nameserver information manager.
         Starting Flush Journal to Persistent Storage...
[[0;32m  OK  [0m] Started Load/Save Random Seed.
[   30.090428] systemd-journald[395]: Received request to flush runtime journal from PID 1
[[0;32m  OK  [0m] Started udev Coldplug all Devices.
[[0;32m  OK  [0[   30.125201] iscsi: registered transport (iser)
m] Started Flush Journal to Persistent Storage.
[[0;32m  OK  [0m] Started Load Kernel Modules.
         Mounting FUSE Control File System...
         Starting Apply Kernel Variables...
[[0;32m  OK  [0m] Mounted FUSE Control File System.
[[0;32m  OK  [0m] Started Set console keymap.
[[0;32m  OK  [0m] Started LVM2 metadata daemon.
[[0;32m  OK  [0m] Started Apply Kernel Variables.
[[0;32m  OK  [0m] Started Create Static Device Nodes in /dev.
         Starting udev Kernel Device Manager...
[[0;32m  OK  [0m] Started Monitoring of LVM2 mirrors,...ng dmeventd or progress polling.
[[0;32m  OK  [0m] Reached target Local File Systems (Pre).
[[0;32m  OK  [0m] Reached target Local File Systems.
         Starting LSB: AppArmor initialization...
         Starting Initial cloud-init job (pre-networking)...
         Starting Tell Plymouth To Write Out Runtime Data...
         Starting Create Volatile Files and Directories...
         Starting Set console font and keymap...
[[0;32m  OK  [0m] Started Tell Plymouth To Write Out Runtime Data.
[[0;32m  OK  [0m] Started Create Volatile Files and Directories.
         Starting Update UTMP about System Boot/Shutdown...
[[0;32m  OK  [0m] Started udev Kernel Device Manager.
[[0;32m  OK  [0m] Started Dispatch Password Requests to Console Directory Watch.
[[0;32m  OK  [0m] Started Update UTMP about System Boot/Shutdown.
[[0;32m  OK  [0m] Found device /dev/ttyS0.
[[0;32m  OK  [0m] Listening on Load/Save RF Kill Switch Status /dev/rfkill Watch.
[[0;32m  OK  [0m] Found device 82540EM Gigabit Ethern...r (PRO/1000 MT Desktop Adapter).
[[0;32m  OK  [0m] Started Set console font and keymap.
[[0;32m  OK  [0m] Created slice system-getty.slice.
[[0;32m  OK  [0m] Started LSB: AppArmor initialization.
[   43.433143] cloud-init[480]: Cloud-init v. 18.4-0ubuntu1~16.04.2 running 'init-local' at Fri, 11 Jan 2019 19:34:38 +0000. Up 40.67 seconds.
[[0;32m  OK  [0m] Started Initial cloud-init job (pre-networking).
[[0;32m  OK  [0m] Reached target Network (Pre).
[[0;32m  OK  [0m] Started ifup for enp0s3.
         Starting Raise network interfaces...
[[0;32m  OK  [0m] Started Raise network interfaces.
         Starting Initial cloud-init job (metadata service crawler)...
[[0;32m  OK  [0m] Reached target Network.
[   49.380711] cloud-init[969]: Cloud-init v. 18.4-0ubuntu1~16.04.2 running 'init' at Fri, 11 Jan 2019 19:34:43 +0000. Up 45.63 seconds.
[   49.404155] cloud-init[969]: ci-info: +++++++++++++++++++++++++++++++++++++Net device info++++++++++++++++++++++++++++++++++++++
[   49.461386] cloud-init[969]: ci-info: +--------+------+---------------------------+---------------+--------+-------------------+
[[0;32m  OK  [0m] Started Initial cloud-init job (metadata service crawler).
[   49.675531] cloud-init[969]: ci-info: | Device |  Up  |          Address          |      Mask     | Scope  |     Hw-Address    |
[   49.710109] cloud-init[969]: ci-info: +--------+------+---------------------------+---------------+--------+-------------------+
[   49.710244] cloud-init[969]: ci-info: | enp0s3 | True |         10.0.2.15         | 255.255.255.0 | global | 02:09:ed:a5:b0:a8 |
[   49.710377] cloud-init[969]: ci-info: | enp0s3 | True | fe80::9:edff:fea5:b0a8/64 |       .       |  link  | 02:09:ed:a5:b0:a8 |
[   49.710511] cloud-init[969]: ci-info: |   lo   | True |         127.0.0.1         |   255.0.0.0   |  host  |         .         |
[   49.710639] cloud-init[969]: ci-info: |   lo   | True |          ::1/128          |       .       |  host  |         .         |
[   49.710915] cloud-init[969]: ci-info: +--------+------+---------------------------+---------------+--------+-------------------+
[   49.711043] cloud-init[969]: ci-info: +++++++++++++++++++++++++++Route IPv4 info++++++++++++++++++++++++++++
[   49.711178] cloud-init[969]: ci-info: +-------+-------------+----------+---------------+-----------+-------+
[   49.711320] cloud-init[969]: ci-info: | Route | Destination | Gateway  |    Genmask    | Interface | Flags |
[   49.711455] cloud-init[969]: ci-info: +-------+-------------+----------+---------------+-----------+-------+
[   49.711576] cloud-init[969]: ci-info: |   0   |   0.0.0.0   | 10.0.2.2 |    0.0.0.0    |   enp0s3  |   UG  |
[   49.711700] cloud-init[969]: ci-info: |   1   |   10.0.2.0  | 0.0.0.0  | 255.255.255.0 |   enp0s3  |   U   |
[   49.711881] cloud-init[969]: ci-info: +-------+-------------+----------+---------------+-----------+-------+
[   49.712009] cloud-init[969]: ci-info: +++++++++++++++++++Route IPv6 info+++++++++++++++++++
[   49.712312] cloud-init[969]: ci-info: +-------+-------------+---------+-----------+-------+
[   49.712427] cloud-init[969]: ci-info: | Route | Destination | Gateway | Interface | Flags |
[   49.712529] cloud-init[969]: ci-info: +-------+-------------+---------+-----------+-------+
[   49.712627] cloud-init[969]: ci-info: |   0   |  fe80::/64  |    ::   |   enp0s3  |   U   |
[   49.712730] cloud-init[969]: ci-info: |   3   |   ff00::/8  |    ::   |   enp0s3  |   U   |
[   49.712847] cloud-init[969]: ci-info: +-------+-------------+---------+-----------+-------+
[[0;32m  OK  [0m] Reached target Cloud-config availability.
[[0;32m  OK  [0m] Reached target System Initialization.
[[0;32m  OK  [0m] Listening on UUID daemon activation socket.
[[0;32m  OK  [0m] Started Daily Cleanup of Temporary Directories.
[[0;32m  OK  [0m] Started ACPI Events Check.
[[0;32m  OK  [0m] Reached target Paths.
[[0;32m  OK  [0m] Listening on D-Bus System Message Bus Socket.
[[0;32m  OK  [0m] Started Clean PHP session files every 30 mins.
[[0;32m  OK  [0m] Started Daily apt download activities.
[[0;32m  OK  [0m] Started Daily apt upgrade and clean activities.
         Starting LXD - unix socket.
[[0;32m  OK  [0m] Listening on ACPID Listen Socket.
[[0;32m  OK  [0m] Reached target Timers.
         Starting Socket activation for snappy daemon.
[[0;32m  OK  [0m] Reached target Network is Online.
         Starting iSCSI initiator daemon (iscsid)...
[[0;32m  OK  [0m] Listening on LXD - unix socket.
[[0;32m  OK  [0m] Listening on Socket activation for snappy daemon.
[[0;32m  OK  [0m] Reached target Sockets.
[[0;32m  OK  [0m] Reached target Basic System.
         Starting Accounts Service...
[[0;32m  OK  [0m] Started D-Bus System Message Bus.
         Starting vboxadd.service...
[[0;32m  OK  [0m] Started FUSE filesystem for LXC.
         Starting LXD - container startup/shutdown...
[[0;32m  OK  [0m] Started Deferred execution scheduler.
         Starting System Logging Service...
         Starting Clean php session files...
[[0;32m  OK  [0m] Started ACPI event daemon.
         Starting Login Service...
         Starting Snappy daemon...
         Starting MySQL Community Server...
[[0;32m  OK  [0m] Started Regular background program processing daemon.
         Starting /etc/rc.local Compatibility...
[[0;32m  OK  [0m] Started Unattended Upgrades Shutdown.
         Starting OpenBSD Secure Shell server...
         Starting LSB: MD monitoring daemon...
         Starting LSB: Record successful boot for GRUB...
[[0;32m  OK  [0m] Started System Logging Service.
[[0;32m  OK  [0m] Started iSCSI initiator daemon (iscsid).
[[0;32m  OK  [0m] Started /etc/rc.local Compatibility.
         Starting Authenticate and Authorize Users to Run Privileged Tasks...
         Starting Login to default iSCSI targets...
[[0;32m  OK  [0m] Started Login Service.
[[0;32m  OK  [0m] Started vboxadd.service.
         Starting vboxadd-service.service...
[[0;32m  OK  [0m] Started Login to default iSCSI targets.
[[0;32m  OK  [0m] Reached target Remote File Systems (Pre).
[[0;32m  OK  [0m] Reached target Remote File Systems.
         Starting Permit User Sessions...
         Starting LSB: daemon to balance interrupts for SMP systems...
         Starting The Apache HTTP Server...
         Starting LSB: Set the CPU Frequency Scaling governor to "ondemand"...
         Starting LSB: automatic crash report generation...
[[0;32m  OK  [0m] Started LSB: MD monitoring daemon.
[[0;32m  OK  [0m] Started LSB: Record successful boot for GRUB.
[[0;32m  OK  [0m] Started Permit User Sessions.
[[0;32m  OK  [0m] Started Authenticate and Authorize Users to Run Privileged Tasks.
[[0;32m  OK  [0m] Started Accounts Service.
[[0;32m  OK  [0m] Started LSB: Set the CPU Frequency Scaling governor to "ondemand".
[[0;32m  OK  [0m] Started vboxadd-service.service.
[[0;32m  OK  [0m] Started LSB: daemon to balance interrupts for SMP systems.
         Starting Terminate Plymouth Boot Screen...
         Starting Hold until boot process finishes up...
[[0;32m  OK  [0m] Started Hold until boot process finishes up.
[[0;32m  OK  [0m] Started Terminate Plymouth Boot Screen.
[[0;32m  OK  [0m] Started LSB: automatic crash report generation.
[[0;32m  OK  [0m] Started Serial Getty on ttyS0.
         Starting Set console scheme...
[[0;32m  OK  [0m] Started Getty on tty1.
[[0;32m  OK  [0m] Reached target Login Prompts.
[[0;32m  OK  [0m] Started Set console scheme.
[[0;32m  OK  [0m] Started OpenBSD Secure Shell server.
[[0;32m  OK  [0m] Started Snappy daemon.
         Starting Wait until snapd is fully seeded...
[[0;32m  OK  [0m] Started Wait until snapd is fully seeded.
         Starting Apply the settings specified in cloud-config...
[[0;32m  OK  [0m] Started LXD - container startup/shutdown.
[   54.701219] cloud-init[1296]: Cloud-init v. 18.4-0ubuntu1~16.04.2 running 'modules:config' at Fri, 11 Jan 2019 19:34:52 +0000. Up 54.38 seconds.
[[0;32m  OK  [0m] Started Apply the settings specified in cloud-config.
[[0;32m  OK  [0m] Started The Apache HTTP Server.
[[0;32m  OK  [0m] Created slice User Slice of vagrant.
         Starting User Manager for UID 1000...
[[0;32m  OK  [0m] Started Session 1 of user vagrant.
[[0;32m  OK  [0m] Started User Manager for UID 1000.

Ubuntu 16.04.5 LTS symfony ttyS0

symfony login: [   60.189958] cloud-init[1549]: Cloud-init v. 18.4-0ubuntu1~16.04.2 running 'modules:final' at Fri, 11 Jan 2019 19:34:57 +0000. Up 59.90 seconds.
[   60.190411] cloud-init[1549]: Cloud-init v. 18.4-0ubuntu1~16.04.2 finished at Fri, 11 Jan 2019 19:34:57 +0000. Datasource DataSourceNoCloud [seed=/dev/sdb][dsmode=net].  Up 60.18 seconds
[  OK  ] Started ACPI event daemon.
[  OK  ] Started Trigger resolvconf update for networkd DNS.
[  OK  ] Started ACPI event daemon.
[  OK  ] Started ACPI event daemon.
[  OK  ] Started ACPI event daemon.
[  OK  ] Started ACPI event daemon.
         Stopping udev Kernel Device Manager...
[  OK  ] Stopped udev Kernel Device Manager.
         Starting udev Kernel Device Manager...
[  OK  ] Started udev Kernel Device Manager.
[  OK  ] Started ACPI event daemon.
[  OK  ] Created slice User Slice of vagrant.
         Starting User Manager for UID 1000...
[  OK  ] Started Session 2 of user vagrant.
[  OK  ] Started User Manager for UID 1000.
[  OK  ] Started Daily apt upgrade and clean activities.
